// Jest Snapshot v1, https://goo.gl/fbAQLP

exports[`App Successful signup 1`] = `
<DocumentFragment>
  <div
    class="container-fluid d-flex h-100 flex-column h-100"
  >
    <div
      class="row flex-fill d-flex justify-content-start"
    >
      <nav
        class="flex-column col-lg-2 col-12 navbar navbar-expand-lg navbar-light"
      >
        <span
          class="navbar-brand"
        >
          <a
            class="vespa-text"
            href="#/"
          >
            <div>
              Tutor
              <br />
              appointments
            </div>
          </a>
        </span>
        <div
          class="navbar-collapse collapse"
          id="responsive-navbar-nav"
        >
          <div
            class="flex-column"
          >
            <div
              class="flex-column mt-auto mb-auto navbar-nav"
            >
              <div
                class="m-auto a-hover w-100 text-center d-none nav-item"
              >
                <a
                  class="nav-link-custom"
                  href="#/subjects"
                >
                  <div
                    class="link-box"
                  >
                    SUBJECTS
                  </div>
                </a>
              </div>
              <div
                class="m-auto a-hover w-100 text-center d-none nav-item"
              >
                <a
                  class="nav-link-custom"
                  href="#/appointmentslist"
                >
                  <div
                    class="link-box"
                  >
                    APPOINTMENTS
                  </div>
                </a>
              </div>
              <div
                class="m-auto a-hover w-100 text-center nav-item"
              >
                <a
                  class="nav-link-custom"
                  href="#/login"
                >
                  <div
                    class="link-box"
                  >
                    LOGIN
                  </div>
                </a>
              </div>
              <div
                class="m-auto a-hover w-100 text-center nav-item"
              >
                <a
                  class="nav-link-custom"
                  data-testid="signup_menu"
                  href="#/signup"
                >
                  <div
                    class="link-box"
                  >
                    SIGNUP
                  </div>
                </a>
              </div>
            </div>
            <div
              class="mt-auto d-none"
            >
              <div
                class="flex-column text-center"
              >
                <div />
                <button
                  class="btn btn-primary"
                  type="button"
                >
                  Log out
                </button>
              </div>
            </div>
          </div>
        </div>
        <button
          aria-controls="responsive-navbar-nav"
          aria-label="Toggle navigation"
          class="navbar-toggler collapsed"
          type="button"
        >
          <span
            class="navbar-toggler-icon"
          />
        </button>
      </nav>
      <div
        class="col-lg-10 col-12 h-100"
      >
        <div>
          <div
            class="fade alert alert-success show"
            role="alert"
          >
            <p>
              Signed up successfully!
            </p>
            <p>
              <button
                class="btn btn-primary"
                type="button"
              >
                Ok
              </button>
            </p>
          </div>
          <h1>
            Sign up
          </h1>
          <form
            class=""
          >
            <div
              class="form-group"
            >
              <label
                class="form-label"
                for="formBasicEmail"
              >
                Email address
              </label>
              <input
                class="form-control"
                data-testid="email"
                id="formBasicEmail"
                placeholder="Enter email"
                type="email"
              />
              <small
                class="text-muted form-text"
              >
                We will never share your email with anyone else.
              </small>
            </div>
            <div
              class="form-group"
            >
              <label
                class="form-label"
                for="formBasicPassword"
              >
                Password
              </label>
              <input
                class="form-control"
                data-testid="password"
                id="formBasicPassword"
                minlength="8"
                placeholder="Password"
                type="password"
              />
            </div>
            <button
              class="btn btn-primary"
              data-testid="submit_signup"
              type="submit"
            >
              Sign up
            </button>
          </form>
        </div>
      </div>
    </div>
  </div>
</DocumentFragment>
`;
